/home/jvm/Documentos/LetterBook/backend/User/src/main/java/com/letterbook/user/UserApplication.java
/home/jvm/Documentos/LetterBook/backend/User/src/main/java/com/letterbook/user/api/controller/AuthController.java
/home/jvm/Documentos/LetterBook/backend/User/src/main/java/com/letterbook/user/api/controller/RankingController.java
/home/jvm/Documentos/LetterBook/backend/User/src/main/java/com/letterbook/user/api/controller/UserController.java
/home/jvm/Documentos/LetterBook/backend/User/src/main/java/com/letterbook/user/api/dto/CadastroRequest.java
/home/jvm/Documentos/LetterBook/backend/User/src/main/java/com/letterbook/user/api/dto/FollowRequest.java
/home/jvm/Documentos/LetterBook/backend/User/src/main/java/com/letterbook/user/api/dto/LoginRequest.java
/home/jvm/Documentos/LetterBook/backend/User/src/main/java/com/letterbook/user/api/dto/LoginResponse.java
/home/jvm/Documentos/LetterBook/backend/User/src/main/java/com/letterbook/user/api/dto/PasswordRecoveryRequest.java
/home/jvm/Documentos/LetterBook/backend/User/src/main/java/com/letterbook/user/api/dto/ResetPasswordRequest.java
/home/jvm/Documentos/LetterBook/backend/User/src/main/java/com/letterbook/user/api/dto/UpdateProfileRequest.java
/home/jvm/Documentos/LetterBook/backend/User/src/main/java/com/letterbook/user/api/dto/UserLoginRequest.java
/home/jvm/Documentos/LetterBook/backend/User/src/main/java/com/letterbook/user/api/dto/UserProfileResponse.java
/home/jvm/Documentos/LetterBook/backend/User/src/main/java/com/letterbook/user/api/dto/UserRankingResponse.java
/home/jvm/Documentos/LetterBook/backend/User/src/main/java/com/letterbook/user/api/dto/package-info.java
/home/jvm/Documentos/LetterBook/backend/User/src/main/java/com/letterbook/user/api/package-info.java
/home/jvm/Documentos/LetterBook/backend/User/src/main/java/com/letterbook/user/application/package-info.java
/home/jvm/Documentos/LetterBook/backend/User/src/main/java/com/letterbook/user/application/service/EmailService.java
/home/jvm/Documentos/LetterBook/backend/User/src/main/java/com/letterbook/user/application/service/RankingService.java
/home/jvm/Documentos/LetterBook/backend/User/src/main/java/com/letterbook/user/application/service/UserDetailsServiceImpl.java
/home/jvm/Documentos/LetterBook/backend/User/src/main/java/com/letterbook/user/application/service/UserServiceImpl.java
/home/jvm/Documentos/LetterBook/backend/User/src/main/java/com/letterbook/user/application/service/package-info.java
/home/jvm/Documentos/LetterBook/backend/User/src/main/java/com/letterbook/user/application/usecase/TokenService.java
/home/jvm/Documentos/LetterBook/backend/User/src/main/java/com/letterbook/user/application/usecase/UserUseCase.java
/home/jvm/Documentos/LetterBook/backend/User/src/main/java/com/letterbook/user/application/usecase/package-info.java
/home/jvm/Documentos/LetterBook/backend/User/src/main/java/com/letterbook/user/domain/model/FollowEntity.java
/home/jvm/Documentos/LetterBook/backend/User/src/main/java/com/letterbook/user/domain/model/SeguidorEntity.java
/home/jvm/Documentos/LetterBook/backend/User/src/main/java/com/letterbook/user/domain/model/SeguidorId.java
/home/jvm/Documentos/LetterBook/backend/User/src/main/java/com/letterbook/user/domain/model/UserEntity.java
/home/jvm/Documentos/LetterBook/backend/User/src/main/java/com/letterbook/user/domain/model/UserProfileEntity.java
/home/jvm/Documentos/LetterBook/backend/User/src/main/java/com/letterbook/user/domain/model/package-info.java
/home/jvm/Documentos/LetterBook/backend/User/src/main/java/com/letterbook/user/domain/package-info.java
/home/jvm/Documentos/LetterBook/backend/User/src/main/java/com/letterbook/user/domain/repository/SeguidorRepository.java
/home/jvm/Documentos/LetterBook/backend/User/src/main/java/com/letterbook/user/domain/repository/UserRepository.java
/home/jvm/Documentos/LetterBook/backend/User/src/main/java/com/letterbook/user/domain/repository/package-info.java
/home/jvm/Documentos/LetterBook/backend/User/src/main/java/com/letterbook/user/infra/config/PasswordConfig.java
/home/jvm/Documentos/LetterBook/backend/User/src/main/java/com/letterbook/user/infra/config/SecurityConfig.java
/home/jvm/Documentos/LetterBook/backend/User/src/main/java/com/letterbook/user/infra/package-info.java
/home/jvm/Documentos/LetterBook/backend/User/src/main/java/com/letterbook/user/infra/security/JwtTokenService.java
/home/jvm/Documentos/LetterBook/backend/User/src/main/java/com/letterbook/user/infra/security/SecurityFilter.java
/home/jvm/Documentos/LetterBook/backend/User/src/main/java/com/letterbook/user/infra/security/package-info.java
